[     339ms] [WARNING] {msg: An error has occurred checking the feature gate. Only the first occurrence of this error is logged., gateName: platform_moonjelly_bsc_master_killswitch, error: Error: Client must be initialized before using this method
    at e.value (https://trello.com/asset…} @ https://trello.com/assets/ltp.78dc160ec042cf274d5e.js:0
[     397ms] [WARNING] No `HydrateFallback` element provided to render during initial hydration @ https://trello.com/assets/ltp.78dc160ec042cf274d5e.js:41
[     700ms] [WARNING]   WARN  [Statsig] The user does not have the required id_type "trelloWorkspaceId" for Gate "billplat_recurring_tasks_v2" @ https://trello.com/assets/ltp.78dc160ec042cf274d5e.js:41
[     701ms] [WARNING]   WARN  [Statsig] The user does not have the required id_type "trelloWorkspaceId" for Gate "ghost_eotf_rollout" @ https://trello.com/assets/ltp.78dc160ec042cf274d5e.js:41
[     702ms] [WARNING]   WARN  [Statsig] The user does not have the required id_type "activationId" for Gate "trello_enterprise_card_due_date_time" @ https://trello.com/assets/ltp.78dc160ec042cf274d5e.js:41
[     702ms] [WARNING]   WARN  [Statsig] The user does not have the required id_type "activationId" for Gate "trello_enterprise_error_reactivation" @ https://trello.com/assets/ltp.78dc160ec042cf274d5e.js:41
[     702ms] [WARNING]   WARN  [Statsig] The user does not have the required id_type "activationId" for Gate "trello_enterprise_grant_error" @ https://trello.com/assets/ltp.78dc160ec042cf274d5e.js:41
[     703ms] [WARNING]   WARN  [Statsig] The user does not have the required id_type "trelloWorkspaceId" for Gate "trello_xf_invite_experience_2" @ https://trello.com/assets/ltp.78dc160ec042cf274d5e.js:41
[     703ms] [WARNING]   WARN  [Statsig] The user does not have the required id_type "trelloWorkspaceId" for Experiment "ghost_eotf_with_pp" @ https://trello.com/assets/ltp.78dc160ec042cf274d5e.js:41
[     703ms] [WARNING]   WARN  [Statsig] The user does not have the required id_type "trelloWorkspaceId" for Experiment "trello_cancel_free_trial" @ https://trello.com/assets/ltp.78dc160ec042cf274d5e.js:41
[     708ms] [WARNING]   WARN  [Statsig] The user does not have the required id_type "tenantId" for Gate "platform-dst-shape-theme-default" @ https://trello.com/assets/ltp.78dc160ec042cf274d5e.js:41
[     731ms] [WARNING]   WARN  [Statsig] The user does not have the required id_type "tenantId" for Gate "platform_dst_flag_keyboard_dismiss" @ https://trello.com/assets/ltp.78dc160ec042cf274d5e.js:41
[     797ms] [WARNING]   WARN  [Statsig] The user does not have the required id_type "tenantId" for Gate "platform-dst-lozenge-tag-badge-visual-uplifts" @ https://trello.com/assets/ltp.78dc160ec042cf274d5e.js:41
[     880ms] [WARNING]   WARN  [Statsig] The user does not have the required id_type "activationId" for Gate "trello_enterprise_card_due_date_time" @ https://trello.com/assets/ltp.78dc160ec042cf274d5e.js:41
[     880ms] [WARNING]   WARN  [Statsig] The user does not have the required id_type "activationId" for Gate "trello_enterprise_error_reactivation" @ https://trello.com/assets/ltp.78dc160ec042cf274d5e.js:41
[     880ms] [WARNING]   WARN  [Statsig] The user does not have the required id_type "activationId" for Gate "trello_enterprise_grant_error" @ https://trello.com/assets/ltp.78dc160ec042cf274d5e.js:41
[     895ms] [WARNING]   WARN  [Statsig] The user does not have the required id_type "tenantId" for Gate "platform-dst-shape-theme-default" @ https://trello.com/assets/ltp.78dc160ec042cf274d5e.js:41
[     896ms] [WARNING]   WARN  [Statsig] The user does not have the required id_type "tenantId" for Gate "platform_dst_flag_keyboard_dismiss" @ https://trello.com/assets/ltp.78dc160ec042cf274d5e.js:41
[    1053ms] [WARNING]   WARN  [Statsig] The user does not have the required id_type "activationId" for Gate "trello_enterprise_card_due_date_time" @ https://trello.com/assets/ltp.78dc160ec042cf274d5e.js:41
[    1053ms] [WARNING]   WARN  [Statsig] The user does not have the required id_type "activationId" for Gate "trello_enterprise_error_reactivation" @ https://trello.com/assets/ltp.78dc160ec042cf274d5e.js:41
[    1054ms] [WARNING]   WARN  [Statsig] The user does not have the required id_type "activationId" for Gate "trello_enterprise_grant_error" @ https://trello.com/assets/ltp.78dc160ec042cf274d5e.js:41
[    1669ms] [WARNING]   WARN  [Statsig] The user does not have the required id_type "tenantId" for Gate "platform-dst-shape-theme-default" @ https://trello.com/assets/ltp.78dc160ec042cf274d5e.js:41
[   34953ms] [ERROR] Failed to load resource: the server responded with a status of 403 () @ https://trello.com/1/labels/6a1d9bffbe2405767f61e0ef:0
[   35107ms] [ERROR] Failed to load resource: the server responded with a status of 403 () @ https://trello.com/1/labels/6a1d9bffbe2405767f61e0f1:0
[   35252ms] [ERROR] Failed to load resource: the server responded with a status of 403 () @ https://trello.com/1/labels/6a1d9bffbe2405767f61e0ec:0
[   35406ms] [ERROR] Failed to load resource: the server responded with a status of 403 () @ https://trello.com/1/labels/6a1d9bffbe2405767f61e0ee:0
[   35554ms] [ERROR] Failed to load resource: the server responded with a status of 403 () @ https://trello.com/1/labels/6a1d9bffbe2405767f61e0f0:0
[   35701ms] [ERROR] Failed to load resource: the server responded with a status of 403 () @ https://trello.com/1/labels/6a1d9bffbe2405767f61e0ed:0
[   35855ms] [ERROR] Failed to load resource: the server responded with a status of 403 () @ https://trello.com/1/lists:0
[   36004ms] [ERROR] Failed to load resource: the server responded with a status of 403 () @ https://trello.com/1/lists:0
[   36163ms] [ERROR] Failed to load resource: the server responded with a status of 403 () @ https://trello.com/1/lists:0
[   36312ms] [ERROR] Failed to load resource: the server responded with a status of 403 () @ https://trello.com/1/lists:0
[   60407ms] [WARNING] Deprecated API for given entry type. @ https://trello.com/assets/create-payloads.544658ca7a363dd4886b.js:0
[   67517ms] [ERROR] Failed to load resource: the server responded with a status of 403 () @ https://trello.com/1/lists:0
[   83338ms] [ERROR] Failed to load resource: the server responded with a status of 403 () @ https://trello.com/1/lists:0
[  112948ms] [WARNING]   WARN  [Statsig] The user does not have the required id_type "tenantId" for Gate "platform_dst_flag_keyboard_dismiss" @ https://trello.com/assets/ltp.78dc160ec042cf274d5e.js:41
[  112948ms] [WARNING]   WARN  [Statsig] The user does not have the required id_type "tenantId" for Gate "platform-dst-motion-uplift" @ https://trello.com/assets/ltp.78dc160ec042cf274d5e.js:41
[  325421ms] [ERROR] Failed to load resource: the server responded with a status of 403 () @ https://trello.com/1/lists:0
[  413421ms] [WARNING]   WARN  [Statsig] The user does not have the required id_type "activationId" for Gate "trello_enterprise_card_due_date_time" @ https://trello.com/assets/ltp.78dc160ec042cf274d5e.js:41
[  413421ms] [WARNING]   WARN  [Statsig] The user does not have the required id_type "activationId" for Gate "trello_enterprise_error_reactivation" @ https://trello.com/assets/ltp.78dc160ec042cf274d5e.js:41
[  413421ms] [WARNING]   WARN  [Statsig] The user does not have the required id_type "activationId" for Gate "trello_enterprise_grant_error" @ https://trello.com/assets/ltp.78dc160ec042cf274d5e.js:41
[  443302ms] [WARNING]   WARN  [Statsig] The user does not have the required id_type "tenantId" for Gate "platform-dst-shape-theme-default" @ https://trello.com/assets/ltp.78dc160ec042cf274d5e.js:41
[  850738ms] [WARNING]   WARN  [Statsig] The user does not have the required id_type "activationId" for Gate "trello_enterprise_card_due_date_time" @ https://trello.com/assets/ltp.78dc160ec042cf274d5e.js:41
[  850738ms] [WARNING]   WARN  [Statsig] The user does not have the required id_type "activationId" for Gate "trello_enterprise_error_reactivation" @ https://trello.com/assets/ltp.78dc160ec042cf274d5e.js:41
[  850738ms] [WARNING]   WARN  [Statsig] The user does not have the required id_type "activationId" for Gate "trello_enterprise_grant_error" @ https://trello.com/assets/ltp.78dc160ec042cf274d5e.js:41
[ 1150870ms] [WARNING]   WARN  [Statsig] The user does not have the required id_type "activationId" for Gate "trello_enterprise_card_due_date_time" @ https://trello.com/assets/ltp.78dc160ec042cf274d5e.js:41
[ 1150870ms] [WARNING]   WARN  [Statsig] The user does not have the required id_type "activationId" for Gate "trello_enterprise_error_reactivation" @ https://trello.com/assets/ltp.78dc160ec042cf274d5e.js:41
[ 1150870ms] [WARNING]   WARN  [Statsig] The user does not have the required id_type "activationId" for Gate "trello_enterprise_grant_error" @ https://trello.com/assets/ltp.78dc160ec042cf274d5e.js:41
