[     321ms] [WARNING] {msg: An error has occurred checking the feature gate. Only the first occurrence of this error is logged., gateName: platform_moonjelly_bsc_master_killswitch, error: Error: Client must be initialized before using this method
    at e.value (https://trello.com/asset…} @ https://trello.com/assets/ltp.78dc160ec042cf274d5e.js:0
[     383ms] [WARNING] No `HydrateFallback` element provided to render during initial hydration @ https://trello.com/assets/ltp.78dc160ec042cf274d5e.js:41
[     949ms] [WARNING]   WARN  [Statsig] The user does not have the required id_type "trelloWorkspaceId" for Gate "billplat_recurring_tasks_v2" @ https://trello.com/assets/ltp.78dc160ec042cf274d5e.js:41
[     950ms] [WARNING]   WARN  [Statsig] The user does not have the required id_type "trelloWorkspaceId" for Gate "ghost_eotf_rollout" @ https://trello.com/assets/ltp.78dc160ec042cf274d5e.js:41
[     952ms] [WARNING]   WARN  [Statsig] The user does not have the required id_type "activationId" for Gate "trello_enterprise_card_due_date_time" @ https://trello.com/assets/ltp.78dc160ec042cf274d5e.js:41
[     952ms] [WARNING]   WARN  [Statsig] The user does not have the required id_type "activationId" for Gate "trello_enterprise_error_reactivation" @ https://trello.com/assets/ltp.78dc160ec042cf274d5e.js:41
[     952ms] [WARNING]   WARN  [Statsig] The user does not have the required id_type "activationId" for Gate "trello_enterprise_grant_error" @ https://trello.com/assets/ltp.78dc160ec042cf274d5e.js:41
[     952ms] [WARNING]   WARN  [Statsig] The user does not have the required id_type "trelloWorkspaceId" for Gate "trello_xf_invite_experience_2" @ https://trello.com/assets/ltp.78dc160ec042cf274d5e.js:41
[     953ms] [WARNING]   WARN  [Statsig] The user does not have the required id_type "trelloWorkspaceId" for Experiment "ghost_eotf_with_pp" @ https://trello.com/assets/ltp.78dc160ec042cf274d5e.js:41
[     953ms] [WARNING]   WARN  [Statsig] The user does not have the required id_type "trelloWorkspaceId" for Experiment "trello_cancel_free_trial" @ https://trello.com/assets/ltp.78dc160ec042cf274d5e.js:41
[     957ms] [WARNING]   WARN  [Statsig] The user does not have the required id_type "tenantId" for Gate "platform-dst-shape-theme-default" @ https://trello.com/assets/ltp.78dc160ec042cf274d5e.js:41
[    1000ms] [WARNING]   WARN  [Statsig] The user does not have the required id_type "tenantId" for Gate "platform-dst-lozenge-tag-badge-visual-uplifts" @ https://trello.com/assets/ltp.78dc160ec042cf274d5e.js:41
[    1192ms] [WARNING]   WARN  [Statsig] The user does not have the required id_type "activationId" for Gate "trello_enterprise_card_due_date_time" @ https://trello.com/assets/ltp.78dc160ec042cf274d5e.js:41
[    1192ms] [WARNING]   WARN  [Statsig] The user does not have the required id_type "activationId" for Gate "trello_enterprise_error_reactivation" @ https://trello.com/assets/ltp.78dc160ec042cf274d5e.js:41
[    1192ms] [WARNING]   WARN  [Statsig] The user does not have the required id_type "activationId" for Gate "trello_enterprise_grant_error" @ https://trello.com/assets/ltp.78dc160ec042cf274d5e.js:41
[    1376ms] [WARNING]   WARN  [Statsig] The user does not have the required id_type "activationId" for Gate "trello_enterprise_card_due_date_time" @ https://trello.com/assets/ltp.78dc160ec042cf274d5e.js:41
[    1376ms] [WARNING]   WARN  [Statsig] The user does not have the required id_type "activationId" for Gate "trello_enterprise_error_reactivation" @ https://trello.com/assets/ltp.78dc160ec042cf274d5e.js:41
[    1376ms] [WARNING]   WARN  [Statsig] The user does not have the required id_type "activationId" for Gate "trello_enterprise_grant_error" @ https://trello.com/assets/ltp.78dc160ec042cf274d5e.js:41
[    1749ms] [WARNING]   WARN  [Statsig] The user does not have the required id_type "tenantId" for Gate "platform-dst-shape-theme-default" @ https://trello.com/assets/ltp.78dc160ec042cf274d5e.js:41
[   60387ms] [WARNING] Deprecated API for given entry type. @ https://trello.com/assets/create-payloads.544658ca7a363dd4886b.js:0
[  302014ms] [WARNING]   WARN  [Statsig] The user does not have the required id_type "activationId" for Gate "trello_enterprise_card_due_date_time" @ https://trello.com/assets/ltp.78dc160ec042cf274d5e.js:41
[  302014ms] [WARNING]   WARN  [Statsig] The user does not have the required id_type "activationId" for Gate "trello_enterprise_error_reactivation" @ https://trello.com/assets/ltp.78dc160ec042cf274d5e.js:41
[  302015ms] [WARNING]   WARN  [Statsig] The user does not have the required id_type "activationId" for Gate "trello_enterprise_grant_error" @ https://trello.com/assets/ltp.78dc160ec042cf274d5e.js:41
[  602016ms] [WARNING]   WARN  [Statsig] The user does not have the required id_type "activationId" for Gate "trello_enterprise_card_due_date_time" @ https://trello.com/assets/ltp.78dc160ec042cf274d5e.js:41
[  602017ms] [WARNING]   WARN  [Statsig] The user does not have the required id_type "activationId" for Gate "trello_enterprise_error_reactivation" @ https://trello.com/assets/ltp.78dc160ec042cf274d5e.js:41
[  602017ms] [WARNING]   WARN  [Statsig] The user does not have the required id_type "activationId" for Gate "trello_enterprise_grant_error" @ https://trello.com/assets/ltp.78dc160ec042cf274d5e.js:41
[  902211ms] [WARNING]   WARN  [Statsig] The user does not have the required id_type "activationId" for Gate "trello_enterprise_card_due_date_time" @ https://trello.com/assets/ltp.78dc160ec042cf274d5e.js:41
[  902211ms] [WARNING]   WARN  [Statsig] The user does not have the required id_type "activationId" for Gate "trello_enterprise_error_reactivation" @ https://trello.com/assets/ltp.78dc160ec042cf274d5e.js:41
[  902211ms] [WARNING]   WARN  [Statsig] The user does not have the required id_type "activationId" for Gate "trello_enterprise_grant_error" @ https://trello.com/assets/ltp.78dc160ec042cf274d5e.js:41
[ 1201987ms] [WARNING]   WARN  [Statsig] The user does not have the required id_type "activationId" for Gate "trello_enterprise_card_due_date_time" @ https://trello.com/assets/ltp.78dc160ec042cf274d5e.js:41
[ 1201987ms] [WARNING]   WARN  [Statsig] The user does not have the required id_type "activationId" for Gate "trello_enterprise_error_reactivation" @ https://trello.com/assets/ltp.78dc160ec042cf274d5e.js:41
[ 1201987ms] [WARNING]   WARN  [Statsig] The user does not have the required id_type "activationId" for Gate "trello_enterprise_grant_error" @ https://trello.com/assets/ltp.78dc160ec042cf274d5e.js:41
[ 1501990ms] [WARNING]   WARN  [Statsig] The user does not have the required id_type "activationId" for Gate "trello_enterprise_card_due_date_time" @ https://trello.com/assets/ltp.78dc160ec042cf274d5e.js:41
[ 1501990ms] [WARNING]   WARN  [Statsig] The user does not have the required id_type "activationId" for Gate "trello_enterprise_error_reactivation" @ https://trello.com/assets/ltp.78dc160ec042cf274d5e.js:41
[ 1501991ms] [WARNING]   WARN  [Statsig] The user does not have the required id_type "activationId" for Gate "trello_enterprise_grant_error" @ https://trello.com/assets/ltp.78dc160ec042cf274d5e.js:41
[ 1802009ms] [WARNING]   WARN  [Statsig] The user does not have the required id_type "activationId" for Gate "trello_enterprise_card_due_date_time" @ https://trello.com/assets/ltp.78dc160ec042cf274d5e.js:41
[ 1802009ms] [WARNING]   WARN  [Statsig] The user does not have the required id_type "activationId" for Gate "trello_enterprise_error_reactivation" @ https://trello.com/assets/ltp.78dc160ec042cf274d5e.js:41
[ 1802009ms] [WARNING]   WARN  [Statsig] The user does not have the required id_type "activationId" for Gate "trello_enterprise_grant_error" @ https://trello.com/assets/ltp.78dc160ec042cf274d5e.js:41
[ 2102240ms] [WARNING]   WARN  [Statsig] The user does not have the required id_type "activationId" for Gate "trello_enterprise_card_due_date_time" @ https://trello.com/assets/ltp.78dc160ec042cf274d5e.js:41
[ 2102242ms] [WARNING]   WARN  [Statsig] The user does not have the required id_type "activationId" for Gate "trello_enterprise_error_reactivation" @ https://trello.com/assets/ltp.78dc160ec042cf274d5e.js:41
[ 2102242ms] [WARNING]   WARN  [Statsig] The user does not have the required id_type "activationId" for Gate "trello_enterprise_grant_error" @ https://trello.com/assets/ltp.78dc160ec042cf274d5e.js:41
[ 2402231ms] [WARNING]   WARN  [Statsig] The user does not have the required id_type "activationId" for Gate "trello_enterprise_card_due_date_time" @ https://trello.com/assets/ltp.78dc160ec042cf274d5e.js:41
[ 2402231ms] [WARNING]   WARN  [Statsig] The user does not have the required id_type "activationId" for Gate "trello_enterprise_error_reactivation" @ https://trello.com/assets/ltp.78dc160ec042cf274d5e.js:41
[ 2402232ms] [WARNING]   WARN  [Statsig] The user does not have the required id_type "activationId" for Gate "trello_enterprise_grant_error" @ https://trello.com/assets/ltp.78dc160ec042cf274d5e.js:41
[ 2702277ms] [WARNING]   WARN  [Statsig] The user does not have the required id_type "activationId" for Gate "trello_enterprise_card_due_date_time" @ https://trello.com/assets/ltp.78dc160ec042cf274d5e.js:41
[ 2702277ms] [WARNING]   WARN  [Statsig] The user does not have the required id_type "activationId" for Gate "trello_enterprise_error_reactivation" @ https://trello.com/assets/ltp.78dc160ec042cf274d5e.js:41
[ 2702277ms] [WARNING]   WARN  [Statsig] The user does not have the required id_type "activationId" for Gate "trello_enterprise_grant_error" @ https://trello.com/assets/ltp.78dc160ec042cf274d5e.js:41
[ 3002417ms] [WARNING]   WARN  [Statsig] The user does not have the required id_type "activationId" for Gate "trello_enterprise_card_due_date_time" @ https://trello.com/assets/ltp.78dc160ec042cf274d5e.js:41
[ 3002417ms] [WARNING]   WARN  [Statsig] The user does not have the required id_type "activationId" for Gate "trello_enterprise_error_reactivation" @ https://trello.com/assets/ltp.78dc160ec042cf274d5e.js:41
[ 3002417ms] [WARNING]   WARN  [Statsig] The user does not have the required id_type "activationId" for Gate "trello_enterprise_grant_error" @ https://trello.com/assets/ltp.78dc160ec042cf274d5e.js:41
